// Jest Snapshot v1, https://goo.gl/fbAQLP

exports[`renders a snapshot 1`] = `
<div
  className="card"
>
  <div
    className="card"
    style={
      Object {
        "width": "150rem",
      }
    }
  >
    <img
      className="card-img"
    />
    <div
      className="card-body"
    >
      <div
        className="card-title h5"
      >
        Street Fighter
      </div>
      <p
        className="card-text"
      >
        "The road to becoming a true martial artist is still long... This is only training!!" -RYU
        <img
          alt="RYU"
          src="RYU.jpg"
        />
      </p>
    </div>
  </div>
</div>
`;
